\BOOKMARK [0][-]{chapter*.2}{\376\377\000P\000r\000\351\000f\000a\000c\000e}{}% 1
\BOOKMARK [0][-]{chapter.1}{\376\377\000P\000a\000y\000s\000a\000g\000e\000\040\000e\000t\000\040\000p\000i\000p\000e\000l\000i\000n\000e\000s\000\040\000d\000e\000\040\000d\000o\000n\000n\000\351\000e\000s}{}% 2
\BOOKMARK [1][-]{section.1.1}{\376\377\000Q\000u\000'\000e\000s\000t\000-\000c\000e\000\040\000q\000u\000e\000\040\000l\000e\000\040\000p\000r\000\351\000t\000r\000a\000i\000t\000e\000m\000e\000n\000t\000\040\000d\000e\000s\000\040\000d\000o\000n\000n\000\351\000e\000s\000\040\000?}{chapter.1}% 3
\BOOKMARK [1][-]{section.1.2}{\376\377\000T\000y\000p\000e\000s\000\040\000e\000t\000\040\000s\000t\000r\000u\000c\000t\000u\000r\000e\000s\000\040\000d\000e\000\040\000d\000o\000n\000n\000\351\000e\000s}{chapter.1}% 4
\BOOKMARK [2][-]{subsection.1.2.1}{\376\377\000D\000o\000n\000n\000\351\000e\000s\000\040\000s\000t\000r\000u\000c\000t\000u\000r\000\351\000e\000s\000,\000\040\000s\000e\000m\000i\000-\000s\000t\000r\000u\000c\000t\000u\000r\000\351\000e\000s\000\040\000e\000t\000\040\000n\000o\000n\000\040\000s\000t\000r\000u\000c\000t\000u\000r\000\351\000e\000s}{section.1.2}% 5
\BOOKMARK [2][-]{subsection.1.2.2}{\376\377\000T\000y\000p\000e\000s\000\040\000d\000e\000\040\000v\000a\000r\000i\000a\000b\000l\000e\000s}{section.1.2}% 6
\BOOKMARK [2][-]{subsection.1.2.3}{\376\377\000N\000u\000m\000\351\000r\000i\000q\000u\000e\000\040\000v\000s\000\040\000c\000a\000t\000\351\000g\000o\000r\000i\000e\000l}{section.1.2}% 7
\BOOKMARK [1][-]{section.1.3}{\376\377\000F\000o\000r\000m\000a\000t\000s\000\040\000d\000e\000\040\000d\000o\000n\000n\000\351\000e\000s\000\040\000c\000o\000u\000r\000a\000n\000t\000s}{chapter.1}% 8
\BOOKMARK [1][-]{section.1.4}{\376\377\000P\000r\000e\000m\000i\000e\000r\000\040\000r\000e\000g\000a\000r\000d\000\040\000s\000u\000r\000\040\000u\000n\000\040\000d\000a\000t\000a\000s\000e\000t\000\040\000r\000\351\000e\000l}{chapter.1}% 9
\BOOKMARK [1][-]{section.1.5}{\376\377\000L\000e\000\040\000w\000o\000r\000k\000f\000l\000o\000w\000\040\000d\000e\000\040\000p\000r\000\351\000t\000r\000a\000i\000t\000e\000m\000e\000n\000t}{chapter.1}% 10
\BOOKMARK [1][-]{section.1.6}{\376\377\000R\000\351\000v\000i\000s\000i\000o\000n\000\040\000p\000a\000n\000d\000a\000s\000\040\000:\000\040\000o\000p\000\351\000r\000a\000t\000i\000o\000n\000s\000\040\000e\000s\000s\000e\000n\000t\000i\000e\000l\000l\000e\000s}{chapter.1}% 11
\BOOKMARK [2][-]{subsection.1.6.1}{\376\377\000S\000\351\000l\000e\000c\000t\000i\000o\000n\000\040\000e\000t\000\040\000f\000i\000l\000t\000r\000a\000g\000e}{section.1.6}% 12
\BOOKMARK [2][-]{subsection.1.6.2}{\376\377\000G\000r\000o\000u\000p\000b\000y\000\040\000e\000t\000\040\000a\000g\000r\000\351\000g\000a\000t\000i\000o\000n}{section.1.6}% 13
\BOOKMARK [1][-]{section.1.7}{\376\377\000A\000p\000e\000r\000\347\000u\000\040\000d\000e\000s\000\040\000o\000u\000t\000i\000l\000s\000\040\000e\000t\000\040\000b\000i\000b\000l\000i\000o\000t\000h\000\350\000q\000u\000e\000s}{chapter.1}% 14
\BOOKMARK [1][-]{section.1.8}{\376\377\000E\000x\000e\000r\000c\000i\000c\000e\000s}{chapter.1}% 15
\BOOKMARK [1][-]{section.1.9}{\376\377\000R\000\351\000s\000u\000m\000\351\000\040\000d\000u\000\040\000c\000h\000a\000p\000i\000t\000r\000e}{chapter.1}% 16
\BOOKMARK [0][-]{chapter.2}{\376\377\000C\000h\000a\000r\000g\000e\000m\000e\000n\000t\000\040\000d\000e\000s\000\040\000d\000o\000n\000n\000\351\000e\000s}{}% 17
\BOOKMARK [1][-]{section.2.1}{\376\377\000C\000h\000a\000r\000g\000e\000r\000\040\000d\000e\000s\000\040\000f\000i\000c\000h\000i\000e\000r\000s\000\040\000C\000S\000V}{chapter.2}% 18
\BOOKMARK [2][-]{subsection.2.1.1}{\376\377\000P\000r\000o\000b\000l\000\350\000m\000e\000s\000\040\000C\000S\000V\000\040\000c\000o\000u\000r\000a\000n\000t\000s}{section.2.1}% 19
\BOOKMARK [2][-]{subsection.2.1.2}{\376\377\000O\000p\000t\000i\000m\000i\000s\000e\000r\000\040\000l\000e\000\040\000c\000h\000a\000r\000g\000e\000m\000e\000n\000t\000\040\000C\000S\000V}{section.2.1}% 20
\BOOKMARK [1][-]{section.2.2}{\376\377\000C\000h\000a\000r\000g\000e\000r\000\040\000d\000e\000s\000\040\000f\000i\000c\000h\000i\000e\000r\000s\000\040\000E\000x\000c\000e\000l}{chapter.2}% 21
\BOOKMARK [1][-]{section.2.3}{\376\377\000C\000h\000a\000r\000g\000e\000r\000\040\000d\000e\000s\000\040\000d\000o\000n\000n\000\351\000e\000s\000\040\000J\000S\000O\000N}{chapter.2}% 22
\BOOKMARK [1][-]{section.2.4}{\376\377\000C\000h\000a\000r\000g\000e\000r\000\040\000d\000e\000p\000u\000i\000s\000\040\000d\000e\000s\000\040\000b\000a\000s\000e\000s\000\040\000S\000Q\000L}{chapter.2}% 23
\BOOKMARK [1][-]{section.2.5}{\376\377\000C\000h\000a\000r\000g\000e\000r\000\040\000d\000e\000p\000u\000i\000s\000\040\000d\000e\000s\000\040\000A\000P\000I}{chapter.2}% 24
\BOOKMARK [1][-]{section.2.6}{\376\377\000B\000a\000s\000e\000s\000\040\000d\000u\000\040\000w\000e\000b\000\040\000s\000c\000r\000a\000p\000i\000n\000g}{chapter.2}% 25
\BOOKMARK [1][-]{section.2.7}{\376\377\000C\000o\000m\000p\000a\000r\000e\000r\000\040\000l\000e\000s\000\040\000f\000o\000r\000m\000a\000t\000s\000\040\000:\000\040\000p\000e\000r\000f\000o\000r\000m\000a\000n\000c\000e}{chapter.2}% 26
\BOOKMARK [1][-]{section.2.8}{\376\377\000E\000x\000e\000r\000c\000i\000c\000e\000s}{chapter.2}% 27
\BOOKMARK [1][-]{section.2.9}{\376\377\000R\000\351\000s\000u\000m\000\351\000\040\000d\000u\000\040\000c\000h\000a\000p\000i\000t\000r\000e}{chapter.2}% 28
\BOOKMARK [0][-]{chapter.3}{\376\377\000V\000a\000l\000e\000u\000r\000s\000\040\000m\000a\000n\000q\000u\000a\000n\000t\000e\000s}{}% 29
\BOOKMARK [1][-]{section.3.1}{\376\377\000P\000o\000u\000r\000q\000u\000o\000i\000\040\000d\000e\000s\000\040\000d\000o\000n\000n\000\351\000e\000s\000\040\000m\000a\000n\000q\000u\000e\000n\000t}{chapter.3}% 30
\BOOKMARK [1][-]{section.3.2}{\376\377\000D\000\351\000t\000e\000c\000t\000e\000r\000\040\000l\000e\000s\000\040\000v\000a\000l\000e\000u\000r\000s\000\040\000m\000a\000n\000q\000u\000a\000n\000t\000e\000s}{chapter.3}% 31
\BOOKMARK [2][-]{subsection.3.2.1}{\376\377\000M\000a\000n\000q\000u\000a\000n\000t\000e\000s\000\040\000c\000a\000c\000h\000\351\000e\000s}{section.3.2}% 32
\BOOKMARK [1][-]{section.3.3}{\376\377\000V\000i\000s\000u\000a\000l\000i\000s\000e\000r\000\040\000l\000e\000s\000\040\000m\000a\000n\000q\000u\000a\000n\000t\000e\000s}{chapter.3}% 33
\BOOKMARK [1][-]{section.3.4}{\376\377\000S\000t\000r\000a\000t\000\351\000g\000i\000e\000s\000\040\000d\000e\000\040\000s\000u\000p\000p\000r\000e\000s\000s\000i\000o\000n}{chapter.3}% 34
\BOOKMARK [2][-]{subsection.3.4.1}{\376\377\000S\000u\000p\000p\000r\000e\000s\000s\000i\000o\000n\000\040\000l\000i\000s\000t\000w\000i\000s\000e\000\040\000\050\000l\000i\000g\000n\000e\000s\000\051}{section.3.4}% 35
\BOOKMARK [2][-]{subsection.3.4.2}{\376\377\000S\000u\000p\000p\000r\000e\000s\000s\000i\000o\000n\000\040\000d\000e\000\040\000c\000o\000l\000o\000n\000n\000e\000s}{section.3.4}% 36
\BOOKMARK [1][-]{section.3.5}{\376\377\000I\000m\000p\000u\000t\000a\000t\000i\000o\000n\000\040\000s\000i\000m\000p\000l\000e}{chapter.3}% 37
\BOOKMARK [2][-]{subsection.3.5.1}{\376\377\000I\000m\000p\000u\000t\000a\000t\000i\000o\000n\000\040\000p\000a\000r\000\040\000m\000o\000y\000e\000n\000n\000e\000,\000\040\000m\000\351\000d\000i\000a\000n\000e\000,\000\040\000m\000o\000d\000e}{section.3.5}% 38
\BOOKMARK [2][-]{subsection.3.5.2}{\376\377\000I\000m\000p\000u\000t\000a\000t\000i\000o\000n\000\040\000c\000o\000n\000s\000t\000a\000n\000t\000e}{section.3.5}% 39
\BOOKMARK [1][-]{section.3.6}{\376\377\000I\000m\000p\000u\000t\000a\000t\000i\000o\000n\000\040\000a\000v\000a\000n\000c\000\351\000e}{chapter.3}% 40
\BOOKMARK [2][-]{subsection.3.6.1}{\376\377\000I\000m\000p\000u\000t\000a\000t\000i\000o\000n\000\040\000K\000N\000N}{section.3.6}% 41
\BOOKMARK [2][-]{subsection.3.6.2}{\376\377\000I\000m\000p\000u\000t\000a\000t\000i\000o\000n\000\040\000i\000t\000\351\000r\000a\000t\000i\000v\000e\000\040\000\050\000M\000I\000C\000E\000\051}{section.3.6}% 42
\BOOKMARK [1][-]{section.3.7}{\376\377\000I\000m\000p\000u\000t\000a\000t\000i\000o\000n\000\040\000a\000v\000e\000c\000\040\000i\000n\000d\000i\000c\000a\000t\000e\000u\000r}{chapter.3}% 43
\BOOKMARK [1][-]{section.3.8}{\376\377\000C\000h\000o\000i\000s\000i\000r\000\040\000u\000n\000e\000\040\000s\000t\000r\000a\000t\000\351\000g\000i\000e\000\040\000d\000'\000i\000m\000p\000u\000t\000a\000t\000i\000o\000n}{chapter.3}% 44
\BOOKMARK [1][-]{section.3.9}{\376\377\000E\000x\000e\000r\000c\000i\000c\000e\000s}{chapter.3}% 45
\BOOKMARK [1][-]{section.3.10}{\376\377\000R\000\351\000s\000u\000m\000\351\000\040\000d\000u\000\040\000c\000h\000a\000p\000i\000t\000r\000e}{chapter.3}% 46
\BOOKMARK [0][-]{chapter.4}{\376\377\000D\000\351\000t\000e\000c\000t\000i\000o\000n\000\040\000e\000t\000\040\000t\000r\000a\000i\000t\000e\000m\000e\000n\000t\000\040\000d\000e\000s\000\040\000v\000a\000l\000e\000u\000r\000s\000\040\000a\000b\000e\000r\000r\000a\000n\000t\000e\000s}{}% 47
\BOOKMARK [1][-]{section.4.1}{\376\377\000Q\000u\000'\000e\000s\000t\000-\000c\000e\000\040\000q\000u\000'\000u\000n\000e\000\040\000v\000a\000l\000e\000u\000r\000\040\000a\000b\000e\000r\000r\000a\000n\000t\000e\000\040\000?}{chapter.4}% 48
\BOOKMARK [1][-]{section.4.2}{\376\377\000D\000\351\000t\000e\000c\000t\000i\000o\000n\000\040\000v\000i\000s\000u\000e\000l\000l\000e}{chapter.4}% 49
\BOOKMARK [1][-]{section.4.3}{\376\377\000M\000\351\000t\000h\000o\000d\000e\000s\000\040\000s\000t\000a\000t\000i\000s\000t\000i\000q\000u\000e\000s}{chapter.4}% 50
\BOOKMARK [2][-]{subsection.4.3.1}{\376\377\000M\000\351\000t\000h\000o\000d\000e\000\040\000d\000u\000\040\000z\000-\000s\000c\000o\000r\000e}{section.4.3}% 51
\BOOKMARK [2][-]{subsection.4.3.2}{\376\377\000M\000\351\000t\000h\000o\000d\000e\000\040\000I\000Q\000R}{section.4.3}% 52
\BOOKMARK [1][-]{section.4.4}{\376\377\000D\000\351\000t\000e\000c\000t\000i\000o\000n\000\040\000m\000u\000l\000t\000i\000v\000a\000r\000i\000\351\000e}{chapter.4}% 53
\BOOKMARK [2][-]{subsection.4.4.1}{\376\377\000D\000i\000s\000t\000a\000n\000c\000e\000\040\000d\000e\000\040\000M\000a\000h\000a\000l\000a\000n\000o\000b\000i\000s}{section.4.4}% 54
\BOOKMARK [2][-]{subsection.4.4.2}{\376\377\000I\000s\000o\000l\000a\000t\000i\000o\000n\000\040\000F\000o\000r\000e\000s\000t}{section.4.4}% 55
\BOOKMARK [1][-]{section.4.5}{\376\377\000R\000\350\000g\000l\000e\000s\000\040\000m\000\351\000t\000i\000e\000r}{chapter.4}% 56
\BOOKMARK [1][-]{section.4.6}{\376\377\000S\000t\000r\000a\000t\000\351\000g\000i\000e\000s\000\040\000d\000e\000\040\000t\000r\000a\000i\000t\000e\000m\000e\000n\000t}{chapter.4}% 57
\BOOKMARK [1][-]{section.4.7}{\376\377\000E\000x\000e\000r\000c\000i\000c\000e\000s}{chapter.4}% 58
\BOOKMARK [1][-]{section.4.8}{\376\377\000R\000\351\000s\000u\000m\000\351\000\040\000d\000u\000\040\000c\000h\000a\000p\000i\000t\000r\000e}{chapter.4}% 59
\BOOKMARK [0][-]{chapter.5}{\376\377\000T\000r\000a\000n\000s\000f\000o\000r\000m\000a\000t\000i\000o\000n\000s\000\040\000d\000e\000\040\000t\000y\000p\000e\000s\000\040\000d\000e\000\040\000d\000o\000n\000n\000\351\000e\000s}{}% 60
\BOOKMARK [1][-]{section.5.1}{\376\377\000P\000o\000u\000r\000q\000u\000o\000i\000\040\000t\000r\000a\000n\000s\000f\000o\000r\000m\000e\000r\000\040\000l\000e\000s\000\040\000t\000y\000p\000e\000s\000\040\000?}{chapter.5}% 61
\BOOKMARK [1][-]{section.5.2}{\376\377\000E\000n\000c\000o\000d\000a\000g\000e\000\040\000c\000a\000t\000\351\000g\000o\000r\000i\000e\000l}{chapter.5}% 62
\BOOKMARK [2][-]{subsection.5.2.1}{\376\377\000E\000n\000c\000o\000d\000a\000g\000e\000\040\000o\000r\000d\000i\000n\000a\000l\000\040\000\050\000l\000a\000b\000e\000l\000\051}{section.5.2}% 63
\BOOKMARK [2][-]{subsection.5.2.2}{\376\377\000O\000n\000e\000-\000h\000o\000t\000\040\000e\000n\000c\000o\000d\000i\000n\000g}{section.5.2}% 64
\BOOKMARK [2][-]{subsection.5.2.3}{\376\377\000T\000a\000r\000g\000e\000t\000\040\000e\000n\000c\000o\000d\000i\000n\000g}{section.5.2}% 65
\BOOKMARK [2][-]{subsection.5.2.4}{\376\377\000E\000n\000c\000o\000d\000a\000g\000e\000s\000\040\000f\000r\000\351\000q\000u\000e\000n\000c\000e\000\040\000e\000t\000\040\000b\000i\000n\000a\000i\000r\000e}{section.5.2}% 66
\BOOKMARK [1][-]{section.5.3}{\376\377\000M\000i\000s\000e\000\040\000\340\000\040\000l\000'\000\351\000c\000h\000e\000l\000l\000e\000\040\000n\000u\000m\000\351\000r\000i\000q\000u\000e}{chapter.5}% 67
\BOOKMARK [2][-]{subsection.5.3.1}{\376\377\000S\000t\000a\000n\000d\000a\000r\000d\000S\000c\000a\000l\000e\000r\000\040\000\050\000n\000o\000r\000m\000a\000l\000i\000s\000a\000t\000i\000o\000n\000\040\000z\000-\000s\000c\000o\000r\000e\000\051}{section.5.3}% 68
\BOOKMARK [2][-]{subsection.5.3.2}{\376\377\000M\000i\000n\000M\000a\000x\000S\000c\000a\000l\000e\000r}{section.5.3}% 69
\BOOKMARK [2][-]{subsection.5.3.3}{\376\377\000R\000o\000b\000u\000s\000t\000S\000c\000a\000l\000e\000r}{section.5.3}% 70
\BOOKMARK [1][-]{section.5.4}{\376\377\000C\000o\000m\000p\000a\000r\000e\000r\000\040\000l\000e\000s\000\040\000s\000c\000a\000l\000e\000r\000s\000\040\000v\000i\000s\000u\000e\000l\000l\000e\000m\000e\000n\000t}{chapter.5}% 71
\BOOKMARK [1][-]{section.5.5}{\376\377\000D\000i\000s\000c\000r\000\351\000t\000i\000s\000a\000t\000i\000o\000n\000\040\000\050\000b\000i\000n\000n\000i\000n\000g\000\051}{chapter.5}% 72
\BOOKMARK [1][-]{section.5.6}{\376\377\000T\000r\000a\000n\000s\000f\000o\000r\000m\000a\000t\000i\000o\000n\000s\000\040\000d\000e\000\040\000p\000u\000i\000s\000s\000a\000n\000c\000e}{chapter.5}% 73
\BOOKMARK [1][-]{section.5.7}{\376\377\000E\000x\000e\000r\000c\000i\000c\000e\000s}{chapter.5}% 74
\BOOKMARK [1][-]{section.5.8}{\376\377\000R\000\351\000s\000u\000m\000\351\000\040\000d\000u\000\040\000c\000h\000a\000p\000i\000t\000r\000e}{chapter.5}% 75
\BOOKMARK [0][-]{chapter.6}{\376\377\000I\000n\000g\000\351\000n\000i\000e\000r\000i\000e\000\040\000d\000e\000\040\000v\000a\000r\000i\000a\000b\000l\000e\000s\000\040\000\050\000f\000e\000a\000t\000u\000r\000e\000\040\000e\000n\000g\000i\000n\000e\000e\000r\000i\000n\000g\000\051}{}% 76
\BOOKMARK [1][-]{section.6.1}{\376\377\000Q\000u\000'\000e\000s\000t\000-\000c\000e\000\040\000q\000u\000e\000\040\000l\000e\000\040\000f\000e\000a\000t\000u\000r\000e\000\040\000e\000n\000g\000i\000n\000e\000e\000r\000i\000n\000g\000\040\000?}{chapter.6}% 77
\BOOKMARK [1][-]{section.6.2}{\376\377\000V\000a\000r\000i\000a\000b\000l\000e\000s\000\040\000p\000o\000l\000y\000n\000o\000m\000i\000a\000l\000e\000s\000\040\000e\000t\000\040\000d\000'\000i\000n\000t\000e\000r\000a\000c\000t\000i\000o\000n}{chapter.6}% 78
\BOOKMARK [1][-]{section.6.3}{\376\377\000T\000r\000a\000n\000s\000f\000o\000r\000m\000a\000t\000i\000o\000n\000s\000\040\000m\000a\000t\000h\000\351\000m\000a\000t\000i\000q\000u\000e\000s}{chapter.6}% 79
\BOOKMARK [1][-]{section.6.4}{\376\377\000V\000a\000r\000i\000a\000b\000l\000e\000s\000\040\000d\000e\000\040\000d\000a\000t\000e\000\040\000e\000t\000\040\000d\000'\000h\000e\000u\000r\000e}{chapter.6}% 80
\BOOKMARK [1][-]{section.6.5}{\376\377\000V\000a\000r\000i\000a\000b\000l\000e\000s\000\040\000d\000'\000a\000g\000r\000\351\000g\000a\000t\000i\000o\000n}{chapter.6}% 81
\BOOKMARK [1][-]{section.6.6}{\376\377\000V\000a\000r\000i\000a\000b\000l\000e\000s\000\040\000d\000\351\000r\000i\000v\000\351\000e\000s\000\040\000d\000u\000\040\000t\000e\000x\000t\000e}{chapter.6}% 82
\BOOKMARK [1][-]{section.6.7}{\376\377\000V\000a\000r\000i\000a\000b\000l\000e\000s\000\040\000m\000\351\000t\000i\000e\000r}{chapter.6}% 83
\BOOKMARK [1][-]{section.6.8}{\376\377\000S\000\351\000l\000e\000c\000t\000i\000o\000n\000\040\000d\000e\000\040\000v\000a\000r\000i\000a\000b\000l\000e\000s\000\040\000a\000p\000r\000\350\000s\000\040\000e\000n\000g\000i\000n\000e\000e\000r\000i\000n\000g}{chapter.6}% 84
\BOOKMARK [1][-]{section.6.9}{\376\377\000E\000x\000e\000r\000c\000i\000c\000e\000s}{chapter.6}% 85
\BOOKMARK [1][-]{section.6.10}{\376\377\000R\000\351\000s\000u\000m\000\351\000\040\000d\000u\000\040\000c\000h\000a\000p\000i\000t\000r\000e}{chapter.6}% 86
\BOOKMARK [0][-]{chapter.7}{\376\377\000P\000r\000\351\000t\000r\000a\000i\000t\000e\000m\000e\000n\000t\000\040\000d\000e\000\040\000t\000e\000x\000t\000e}{}% 87
\BOOKMARK [1][-]{section.7.1}{\376\377\000P\000o\000u\000r\000q\000u\000o\000i\000\040\000l\000e\000\040\000t\000e\000x\000t\000e\000\040\000d\000e\000m\000a\000n\000d\000e\000\040\000d\000u\000\040\000p\000r\000\351\000t\000r\000a\000i\000t\000e\000m\000e\000n\000t}{chapter.7}% 88
\BOOKMARK [1][-]{section.7.2}{\376\377\000C\000h\000a\000r\000g\000e\000r\000\040\000d\000e\000s\000\040\000d\000a\000t\000a\000s\000e\000t\000s\000\040\000t\000e\000x\000t\000u\000e\000l\000s}{chapter.7}% 89
\BOOKMARK [1][-]{section.7.3}{\376\377\000N\000e\000t\000t\000o\000y\000a\000g\000e\000\040\000d\000e\000\040\000t\000e\000x\000t\000e}{chapter.7}% 90
\BOOKMARK [1][-]{section.7.4}{\376\377\000T\000o\000k\000e\000n\000i\000s\000a\000t\000i\000o\000n}{chapter.7}% 91
\BOOKMARK [1][-]{section.7.5}{\376\377\000S\000u\000p\000p\000r\000e\000s\000s\000i\000o\000n\000\040\000d\000e\000s\000\040\000s\000t\000o\000p\000w\000o\000r\000d\000s}{chapter.7}% 92
\BOOKMARK [1][-]{section.7.6}{\376\377\000S\000t\000e\000m\000m\000i\000n\000g\000\040\000e\000t\000\040\000l\000e\000m\000m\000a\000t\000i\000s\000a\000t\000i\000o\000n}{chapter.7}% 93
\BOOKMARK [1][-]{section.7.7}{\376\377\000P\000i\000p\000e\000l\000i\000n\000e\000\040\000c\000o\000m\000p\000l\000e\000t\000\040\000d\000e\000\040\000p\000r\000\351\000t\000r\000a\000i\000t\000e\000m\000e\000n\000t\000\040\000d\000e\000\040\000t\000e\000x\000t\000e}{chapter.7}% 94
\BOOKMARK [1][-]{section.7.8}{\376\377\000V\000e\000c\000t\000o\000r\000i\000s\000a\000t\000i\000o\000n\000\040\000T\000F\000-\000I\000D\000F}{chapter.7}% 95
\BOOKMARK [1][-]{section.7.9}{\376\377\000E\000x\000p\000r\000e\000s\000s\000i\000o\000n\000s\000\040\000r\000\351\000g\000u\000l\000i\000\350\000r\000e\000s\000\040\000p\000o\000u\000r\000\040\000l\000'\000e\000x\000t\000r\000a\000c\000t\000i\000o\000n}{chapter.7}% 96
\BOOKMARK [1][-]{section.7.10}{\376\377\000E\000x\000e\000r\000c\000i\000c\000e\000s}{chapter.7}% 97
\BOOKMARK [1][-]{section.7.11}{\376\377\000R\000\351\000s\000u\000m\000\351\000\040\000d\000u\000\040\000c\000h\000a\000p\000i\000t\000r\000e}{chapter.7}% 98
\BOOKMARK [0][-]{chapter.8}{\376\377\000S\000\351\000r\000i\000e\000s\000\040\000t\000e\000m\000p\000o\000r\000e\000l\000l\000e\000s\000\040\000e\000t\000\040\000d\000o\000n\000n\000\351\000e\000s\000\040\000c\000h\000r\000o\000n\000o\000l\000o\000g\000i\000q\000u\000e\000s}{}% 99
\BOOKMARK [1][-]{section.8.1}{\376\377\000P\000a\000r\000s\000e\000r\000\040\000l\000e\000s\000\040\000d\000a\000t\000e\000s}{chapter.8}% 100
\BOOKMARK [2][-]{subsection.8.1.1}{\376\377\000G\000\351\000r\000e\000r\000\040\000p\000l\000u\000s\000i\000e\000u\000r\000s\000\040\000f\000o\000r\000m\000a\000t\000s\000\040\000d\000e\000\040\000d\000a\000t\000e}{section.8.1}% 101
\BOOKMARK [1][-]{section.8.2}{\376\377\000R\000\351\000\351\000c\000h\000a\000n\000t\000i\000l\000l\000o\000n\000n\000a\000g\000e}{chapter.8}% 102
\BOOKMARK [1][-]{section.8.3}{\376\377\000V\000a\000r\000i\000a\000b\000l\000e\000s\000\040\000d\000\351\000c\000a\000l\000\351\000e\000s\000\040\000\050\000l\000a\000g\000\040\000f\000e\000a\000t\000u\000r\000e\000s\000\051}{chapter.8}% 103
\BOOKMARK [1][-]{section.8.4}{\376\377\000S\000t\000a\000t\000i\000s\000t\000i\000q\000u\000e\000s\000\040\000m\000o\000b\000i\000l\000e\000s}{chapter.8}% 104
\BOOKMARK [1][-]{section.8.5}{\376\377\000D\000\351\000c\000o\000m\000p\000o\000s\000i\000t\000i\000o\000n\000\040\000t\000e\000n\000d\000a\000n\000c\000e\000/\000s\000a\000i\000s\000o\000n\000n\000a\000l\000i\000t\000\351}{chapter.8}% 105
\BOOKMARK [1][-]{section.8.6}{\376\377\000\311\000t\000u\000d\000e\000\040\000d\000e\000\040\000c\000a\000s\000\040\000A\000i\000r\000\040\000Q\000u\000a\000l\000i\000t\000y}{chapter.8}% 106
\BOOKMARK [1][-]{section.8.7}{\376\377\000R\000\351\000c\000a\000p\000i\000t\000u\000l\000a\000t\000i\000f\000\040\000d\000'\000e\000x\000t\000r\000a\000c\000t\000i\000o\000n\000\040\000d\000e\000\040\000v\000a\000r\000i\000a\000b\000l\000e\000s\000\040\000d\000a\000t\000e\000t\000i\000m\000e}{chapter.8}% 107
\BOOKMARK [1][-]{section.8.8}{\376\377\000E\000x\000e\000r\000c\000i\000c\000e\000s}{chapter.8}% 108
\BOOKMARK [1][-]{section.8.9}{\376\377\000R\000\351\000s\000u\000m\000\351\000\040\000d\000u\000\040\000c\000h\000a\000p\000i\000t\000r\000e}{chapter.8}% 109
\BOOKMARK [0][-]{chapter.9}{\376\377\000P\000i\000p\000e\000l\000i\000n\000e\000s\000\040\000e\000t\000\040\000a\000u\000t\000o\000m\000a\000t\000i\000s\000a\000t\000i\000o\000n}{}% 110
\BOOKMARK [1][-]{section.9.1}{\376\377\000P\000o\000u\000r\000q\000u\000o\000i\000\040\000d\000e\000s\000\040\000p\000i\000p\000e\000l\000i\000n\000e\000s\000\040\000?}{chapter.9}% 111
\BOOKMARK [1][-]{section.9.2}{\376\377\000P\000i\000p\000e\000l\000i\000n\000e\000\040\000b\000a\000s\000i\000q\000u\000e}{chapter.9}% 112
\BOOKMARK [1][-]{section.9.3}{\376\377\000C\000o\000l\000u\000m\000n\000T\000r\000a\000n\000s\000f\000o\000r\000m\000e\000r}{chapter.9}% 113
\BOOKMARK [1][-]{section.9.4}{\376\377\000P\000i\000p\000e\000l\000i\000n\000e\000\040\000c\000o\000m\000p\000l\000e\000t\000\040\000a\000v\000e\000c\000\040\000u\000n\000\040\000m\000o\000d\000\350\000l\000e}{chapter.9}% 114
\BOOKMARK [1][-]{section.9.5}{\376\377\000T\000r\000a\000n\000s\000f\000o\000r\000m\000a\000t\000e\000u\000r\000s\000\040\000p\000e\000r\000s\000o\000n\000n\000a\000l\000i\000s\000\351\000s}{chapter.9}% 115
\BOOKMARK [1][-]{section.9.6}{\376\377\000S\000a\000u\000v\000e\000g\000a\000r\000d\000e\000r\000\040\000e\000t\000\040\000c\000h\000a\000r\000g\000e\000r\000\040\000u\000n\000\040\000p\000i\000p\000e\000l\000i\000n\000e}{chapter.9}% 116
\BOOKMARK [1][-]{section.9.7}{\376\377\000P\000i\000p\000e\000l\000i\000n\000e\000\040\000c\000o\000m\000p\000l\000e\000t\000\040\000M\000e\000l\000b\000o\000u\000r\000n\000e\000\040\000H\000o\000u\000s\000i\000n\000g}{chapter.9}% 117
\BOOKMARK [1][-]{section.9.8}{\376\377\000E\000x\000e\000r\000c\000i\000c\000e\000s}{chapter.9}% 118
\BOOKMARK [1][-]{section.9.9}{\376\377\000R\000\351\000s\000u\000m\000\351\000\040\000d\000u\000\040\000c\000h\000a\000p\000i\000t\000r\000e}{chapter.9}% 119
\BOOKMARK [0][-]{chapter.10}{\376\377\000P\000r\000o\000j\000e\000t\000\040\000d\000e\000\040\000f\000i\000n\000\040\000d\000e\000\040\000c\000o\000u\000r\000s}{}% 120
\BOOKMARK [1][-]{section.10.1}{\376\377\000V\000u\000e\000\040\000d\000'\000e\000n\000s\000e\000m\000b\000l\000e}{chapter.10}% 121
\BOOKMARK [1][-]{section.10.2}{\376\377\000C\000r\000i\000t\000\350\000r\000e\000s\000\040\000d\000'\000\351\000v\000a\000l\000u\000a\000t\000i\000o\000n}{chapter.10}% 122
\BOOKMARK [1][-]{section.10.3}{\376\377\000P\000r\000o\000j\000e\000t\000\040\0001\000\040\000:\000\040\000P\000r\000\351\000d\000i\000c\000t\000i\000o\000n\000\040\000d\000e\000\040\000p\000r\000i\000x\000\040\000M\000e\000l\000b\000o\000u\000r\000n\000e\000\040\000H\000o\000u\000s\000i\000n\000g}{chapter.10}% 123
\BOOKMARK [2][-]{subsection.10.3.1}{\376\377\000E\000x\000i\000g\000e\000n\000c\000e\000s}{section.10.3}% 124
\BOOKMARK [1][-]{section.10.4}{\376\377\000P\000r\000o\000j\000e\000t\000\040\0002\000\040\000:\000\040\000C\000l\000a\000s\000s\000i\000f\000i\000c\000a\000t\000i\000o\000n\000\040\000d\000e\000\040\000s\000u\000r\000v\000i\000e\000\040\000T\000i\000t\000a\000n\000i\000c}{chapter.10}% 125
\BOOKMARK [2][-]{subsection.10.4.1}{\376\377\000E\000x\000i\000g\000e\000n\000c\000e\000s}{section.10.4}% 126
\BOOKMARK [1][-]{section.10.5}{\376\377\000P\000r\000o\000j\000e\000t\000\040\0003\000\040\000:\000\040\000E\000s\000t\000i\000m\000a\000t\000i\000o\000n\000\040\000d\000e\000\040\000v\000a\000l\000e\000u\000r\000\040\000d\000e\000\040\000j\000o\000u\000e\000u\000r\000s\000\040\000F\000I\000F\000A\000\040\0002\0001}{chapter.10}% 127
\BOOKMARK [2][-]{subsection.10.5.1}{\376\377\000E\000x\000i\000g\000e\000n\000c\000e\000s}{section.10.5}% 128
\BOOKMARK [1][-]{section.10.6}{\376\377\000P\000r\000o\000j\000e\000t\000\040\0004\000\040\000:\000\040\000P\000r\000\351\000v\000i\000s\000i\000o\000n\000\040\000d\000e\000\040\000s\000\351\000r\000i\000e\000s\000\040\000t\000e\000m\000p\000o\000r\000e\000l\000l\000e\000s\000\040\000J\000e\000n\000a\000\040\000C\000l\000i\000m\000a\000t\000e}{chapter.10}% 129
\BOOKMARK [2][-]{subsection.10.6.1}{\376\377\000E\000x\000i\000g\000e\000n\000c\000e\000s}{section.10.6}% 130
\BOOKMARK [1][-]{section.10.7}{\376\377\000P\000r\000o\000j\000e\000t\000\040\0005\000\040\000:\000\040\000C\000l\000a\000s\000s\000i\000f\000i\000c\000a\000t\000i\000o\000n\000\040\000d\000e\000\040\000t\000e\000x\000t\000e\000\040\0002\0000\000\040\000N\000e\000w\000s\000g\000r\000o\000u\000p\000s}{chapter.10}% 131
\BOOKMARK [2][-]{subsection.10.7.1}{\376\377\000E\000x\000i\000g\000e\000n\000c\000e\000s}{section.10.7}% 132
\BOOKMARK [1][-]{section.10.8}{\376\377\000C\000h\000e\000c\000k\000l\000i\000s\000t\000\040\000d\000e\000s\000\040\000l\000i\000v\000r\000a\000b\000l\000e\000s}{chapter.10}% 133
\BOOKMARK [1][-]{section.10.9}{\376\377\000E\000x\000e\000r\000c\000i\000c\000e\000s}{chapter.10}% 134
\BOOKMARK [1][-]{section.10.10}{\376\377\000R\000\351\000s\000u\000m\000\351\000\040\000d\000u\000\040\000c\000h\000a\000p\000i\000t\000r\000e}{chapter.10}% 135
\BOOKMARK [0][-]{chapter*.6}{\376\377\000A\000n\000n\000e\000x\000e\000\040\000A\000\040\000:\000\040\000G\000u\000i\000d\000e\000\040\000d\000'\000i\000n\000s\000t\000a\000l\000l\000a\000t\000i\000o\000n\000\040\000P\000y\000t\000h\000o\000n}{}% 136
\BOOKMARK [0][-]{chapter*.10}{\376\377\000A\000n\000n\000e\000x\000e\000\040\000B\000\040\000:\000\040\000S\000o\000u\000r\000c\000e\000s\000\040\000d\000e\000\040\000j\000e\000u\000x\000\040\000d\000e\000\040\000d\000o\000n\000n\000\351\000e\000s}{}% 137
